Release 14.7 - xst P.20131013 (nt64)
Copyright (c) 1995-2013 Xilinx, Inc.  All rights reserved.
--> Parameter TMPDIR set to xst/projnav.tmp


Total REAL time to Xst completion: 0.00 secs
Total CPU time to Xst completion: 0.12 secs
 
--> Parameter xsthdpdir set to xst


Total REAL time to Xst completion: 0.00 secs
Total CPU time to Xst completion: 0.12 secs
 
--> Reading design: main.prj

TABLE OF CONTENTS
  1) Synthesis Options Summary
  2) HDL Parsing
  3) HDL Elaboration
  4) HDL Synthesis
       4.1) HDL Synthesis Report
  5) Advanced HDL Synthesis
       5.1) Advanced HDL Synthesis Report
  6) Low Level Synthesis
  7) Partition Report
  8) Design Summary
       8.1) Primitive and Black Box Usage
       8.2) Device utilization summary
       8.3) Partition Resource Summary
       8.4) Timing Report
            8.4.1) Clock Information
            8.4.2) Asynchronous Control Signals Information
            8.4.3) Timing Summary
            8.4.4) Timing Details
            8.4.5) Cross Clock Domains Report


=========================================================================
*                      Synthesis Options Summary                        *
=========================================================================
---- Source Parameters
Input File Name                    : "main.prj"
Ignore Synthesis Constraint File   : NO

---- Target Parameters
Output File Name                   : "main"
Output Format                      : NGC
Target Device                      : xc6slx9-3-tqg144

---- Source Options
Top Module Name                    : main
Automatic FSM Extraction           : YES
FSM Encoding Algorithm             : Auto
Safe Implementation                : No
FSM Style                          : LUT
RAM Extraction                     : Yes
RAM Style                          : Auto
ROM Extraction                     : Yes
Shift Register Extraction          : YES
ROM Style                          : Auto
Resource Sharing                   : YES
Asynchronous To Synchronous        : NO
Shift Register Minimum Size        : 2
Use DSP Block                      : Auto
Automatic Register Balancing       : No

---- Target Options
LUT Combining                      : Auto
Reduce Control Sets                : Auto
Add IO Buffers                     : YES
Global Maximum Fanout              : 100000
Add Generic Clock Buffer(BUFG)     : 16
Register Duplication               : YES
Optimize Instantiated Primitives   : NO
Use Clock Enable                   : Auto
Use Synchronous Set                : Auto
Use Synchronous Reset              : Auto
Pack IO Registers into IOBs        : Auto
Equivalent register Removal        : YES

---- General Options
Optimization Goal                  : Speed
Optimization Effort                : 1
Power Reduction                    : NO
Keep Hierarchy                     : No
Netlist Hierarchy                  : As_Optimized
RTL Output                         : Yes
Global Optimization                : AllClockNets
Read Cores                         : YES
Write Timing Constraints           : NO
Cross Clock Analysis               : NO
Hierarchy Separator                : /
Bus Delimiter                      : <>
Case Specifier                     : Maintain
Slice Utilization Ratio            : 100
BRAM Utilization Ratio             : 100
DSP48 Utilization Ratio            : 100
Auto BRAM Packing                  : NO
Slice Utilization Ratio Delta      : 5

=========================================================================


=========================================================================
*                          HDL Parsing                                  *
=========================================================================
Analyzing Verilog file "D:\Classes-2024\Digital System Fundamentals Shared\Practice\b04-88-counter\wtb4.vf" into library work
Parsing module <wtb4>.
Analyzing Verilog file "D:\Classes-2024\Digital System Fundamentals Shared\Practice\b04-88-counter\ssd2d0ftb.vf" into library work
Parsing module <FTC_HXILINX_ssd2d0ftb>.
Parsing module <M2_1_HXILINX_ssd2d0ftb>.
Parsing module <ssd2d0ftb>.
Analyzing Verilog file "D:\Classes-2024\Digital System Fundamentals Shared\Practice\b04-88-counter\edetect.vf" into library work
Parsing module <edetect>.
Analyzing Verilog file "D:\Classes-2024\Digital System Fundamentals Shared\Practice\b04-88-counter\counter88.vf" into library work
Parsing module <FJKCE_HXILINX_counter88>.
Parsing module <AND8_HXILINX_counter88>.
Parsing module <counter88>.
Analyzing Verilog file "D:\Classes-2024\Digital System Fundamentals Shared\Practice\b04-88-counter\clkdiv20k.vf" into library work
Parsing module <CD4CE_HXILINX_clkdiv20k>.
Parsing module <clkdiv20k>.
Analyzing Verilog file "D:\Classes-2024\Digital System Fundamentals Shared\Practice\b04-88-counter\main.vf" into library work
Parsing module <FJKCE_HXILINX_main>.
Parsing module <FTC_HXILINX_main>.
Parsing module <CD4CE_HXILINX_main>.
Parsing module <FTCE_HXILINX_main>.
Parsing module <M2_1_HXILINX_main>.
Parsing module <AND8_HXILINX_main>.
Parsing module <counter88_MUSER_main>.
Parsing module <clkdiv20k_MUSER_main>.
Parsing module <edetect_MUSER_main>.
Parsing module <ssd2d0ftb_MUSER_main>.
Parsing module <wtb4_MUSER_main>.
Parsing module <main>.

=========================================================================
*                            HDL Elaboration                            *
=========================================================================

Elaborating module <main>.

Elaborating module <INV>.

Elaborating module <CD4CE_HXILINX_main>.
WARNING:HDLCompiler:413 - "D:\Classes-2024\Digital System Fundamentals Shared\Practice\b04-88-counter\main.vf" Line 121: Result of 5-bit expression is truncated to fit in 4-bit target.

Elaborating module <GND>.

Elaborating module <AND2B1>.

Elaborating module <wtb4_MUSER_main>.

Elaborating module <BUF>.

Elaborating module <ssd2d0ftb_MUSER_main>.

Elaborating module <LUT4(INIT=16'b1110111101111100)>.

Elaborating module <LUT4(INIT=16'b1101111101110001)>.

Elaborating module <LUT4(INIT=16'b1111110101000101)>.

Elaborating module <LUT4(INIT=16'b0111101101101101)>.

Elaborating module <LUT4(INIT=16'b010111111111011)>.

Elaborating module <LUT4(INIT=16'b010011110011111)>.

Elaborating module <LUT4(INIT=16'b1101011111101101)>.

Elaborating module <VCC>.

Elaborating module <M2_1_HXILINX_main>.

Elaborating module <FTC_HXILINX_main>.

Elaborating module <clkdiv20k_MUSER_main>.

Elaborating module <FD_1(INIT=1'b0)>.

Elaborating module <FTCE_HXILINX_main>.

Elaborating module <edetect_MUSER_main>.

Elaborating module <FD(INIT=1'b0)>.

Elaborating module <AND4B1>.

Elaborating module <counter88_MUSER_main>.

Elaborating module <FJKCE_HXILINX_main>.

Elaborating module <OR2>.

Elaborating module <AND2>.

Elaborating module <AND3>.

Elaborating module <AND4>.

Elaborating module <AND5>.

Elaborating module <AND8_HXILINX_main>.

=========================================================================
*                           HDL Synthesis                               *
=========================================================================

Synthesizing Unit <main>.
    Related source file is "D:\Classes-2024\Digital System Fundamentals Shared\Practice\b04-88-counter\main.vf".
    Set property "HU_SET = XLXI_6_49" for instance <XLXI_6>.
    Set property "HU_SET = XLXI_7_50" for instance <XLXI_7>.
    Set property "HU_SET = XLXI_8_51" for instance <XLXI_8>.
    Set property "HU_SET = XLXI_44_52" for instance <XLXI_44>.
INFO:Xst:3210 - "D:\Classes-2024\Digital System Fundamentals Shared\Practice\b04-88-counter\main.vf" line 653: Output port <Q0> of the instance <XLXI_6> is unconnected or connected to loadless signal.
INFO:Xst:3210 - "D:\Classes-2024\Digital System Fundamentals Shared\Practice\b04-88-counter\main.vf" line 653: Output port <Q1> of the instance <XLXI_6> is unconnected or connected to loadless signal.
INFO:Xst:3210 - "D:\Classes-2024\Digital System Fundamentals Shared\Practice\b04-88-counter\main.vf" line 653: Output port <Q2> of the instance <XLXI_6> is unconnected or connected to loadless signal.
INFO:Xst:3210 - "D:\Classes-2024\Digital System Fundamentals Shared\Practice\b04-88-counter\main.vf" line 653: Output port <Q3> of the instance <XLXI_6> is unconnected or connected to loadless signal.
INFO:Xst:3210 - "D:\Classes-2024\Digital System Fundamentals Shared\Practice\b04-88-counter\main.vf" line 653: Output port <TC> of the instance <XLXI_6> is unconnected or connected to loadless signal.
INFO:Xst:3210 - "D:\Classes-2024\Digital System Fundamentals Shared\Practice\b04-88-counter\main.vf" line 663: Output port <Q0> of the instance <XLXI_7> is unconnected or connected to loadless signal.
INFO:Xst:3210 - "D:\Classes-2024\Digital System Fundamentals Shared\Practice\b04-88-counter\main.vf" line 663: Output port <Q1> of the instance <XLXI_7> is unconnected or connected to loadless signal.
INFO:Xst:3210 - "D:\Classes-2024\Digital System Fundamentals Shared\Practice\b04-88-counter\main.vf" line 663: Output port <Q2> of the instance <XLXI_7> is unconnected or connected to loadless signal.
INFO:Xst:3210 - "D:\Classes-2024\Digital System Fundamentals Shared\Practice\b04-88-counter\main.vf" line 663: Output port <Q3> of the instance <XLXI_7> is unconnected or connected to loadless signal.
INFO:Xst:3210 - "D:\Classes-2024\Digital System Fundamentals Shared\Practice\b04-88-counter\main.vf" line 663: Output port <TC> of the instance <XLXI_7> is unconnected or connected to loadless signal.
INFO:Xst:3210 - "D:\Classes-2024\Digital System Fundamentals Shared\Practice\b04-88-counter\main.vf" line 673: Output port <Q0> of the instance <XLXI_8> is unconnected or connected to loadless signal.
INFO:Xst:3210 - "D:\Classes-2024\Digital System Fundamentals Shared\Practice\b04-88-counter\main.vf" line 673: Output port <Q1> of the instance <XLXI_8> is unconnected or connected to loadless signal.
INFO:Xst:3210 - "D:\Classes-2024\Digital System Fundamentals Shared\Practice\b04-88-counter\main.vf" line 673: Output port <Q2> of the instance <XLXI_8> is unconnected or connected to loadless signal.
INFO:Xst:3210 - "D:\Classes-2024\Digital System Fundamentals Shared\Practice\b04-88-counter\main.vf" line 673: Output port <Q3> of the instance <XLXI_8> is unconnected or connected to loadless signal.
INFO:Xst:3210 - "D:\Classes-2024\Digital System Fundamentals Shared\Practice\b04-88-counter\main.vf" line 673: Output port <TC> of the instance <XLXI_8> is unconnected or connected to loadless signal.
INFO:Xst:3210 - "D:\Classes-2024\Digital System Fundamentals Shared\Practice\b04-88-counter\main.vf" line 726: Output port <CEO> of the instance <XLXI_50> is unconnected or connected to loadless signal.
INFO:Xst:3210 - "D:\Classes-2024\Digital System Fundamentals Shared\Practice\b04-88-counter\main.vf" line 726: Output port <TC> of the instance <XLXI_50> is unconnected or connected to loadless signal.
    Summary:
	no macro.
Unit <main> synthesized.

Synthesizing Unit <CD4CE_HXILINX_main>.
    Related source file is "D:\Classes-2024\Digital System Fundamentals Shared\Practice\b04-88-counter\main.vf".
        TERMINAL_COUNT = 4'b1001
    Found 1-bit register for signal <Q1>.
    Found 1-bit register for signal <Q2>.
    Found 1-bit register for signal <Q3>.
    Found 1-bit register for signal <Q0>.
    Found 4-bit adder for signal <Q3_GND_3_o_add_4_OUT> created at line 121.
    Summary:
	inferred   1 Adder/Subtractor(s).
	inferred   4 D-type flip-flop(s).
	inferred   7 Multiplexer(s).
Unit <CD4CE_HXILINX_main> synthesized.

Synthesizing Unit <wtb4_MUSER_main>.
    Related source file is "D:\Classes-2024\Digital System Fundamentals Shared\Practice\b04-88-counter\main.vf".
    Summary:
	no macro.
Unit <wtb4_MUSER_main> synthesized.

Synthesizing Unit <ssd2d0ftb_MUSER_main>.
    Related source file is "D:\Classes-2024\Digital System Fundamentals Shared\Practice\b04-88-counter\main.vf".
    Set property "HU_SET = XLXI_158_44" for instance <XLXI_158>.
    Set property "HU_SET = XLXI_159_45" for instance <XLXI_159>.
    Set property "HU_SET = XLXI_160_46" for instance <XLXI_160>.
    Set property "HU_SET = XLXI_161_47" for instance <XLXI_161>.
    Set property "HU_SET = XLXI_162_48" for instance <XLXI_162>.
    Summary:
	no macro.
Unit <ssd2d0ftb_MUSER_main> synthesized.

Synthesizing Unit <M2_1_HXILINX_main>.
    Related source file is "D:\Classes-2024\Digital System Fundamentals Shared\Practice\b04-88-counter\main.vf".
    Summary:
	inferred   1 Multiplexer(s).
Unit <M2_1_HXILINX_main> synthesized.

Synthesizing Unit <FTC_HXILINX_main>.
    Related source file is "D:\Classes-2024\Digital System Fundamentals Shared\Practice\b04-88-counter\main.vf".
        INIT = 1'b0
    Found 1-bit register for signal <Q>.
    Summary:
	inferred   1 D-type flip-flop(s).
Unit <FTC_HXILINX_main> synthesized.

Synthesizing Unit <clkdiv20k_MUSER_main>.
    Related source file is "D:\Classes-2024\Digital System Fundamentals Shared\Practice\b04-88-counter\main.vf".
    Set property "HU_SET = XLXI_1_40" for instance <XLXI_1>.
    Set property "HU_SET = XLXI_14_41" for instance <XLXI_14>.
    Set property "HU_SET = XLXI_17_42" for instance <XLXI_17>.
    Set property "HU_SET = XLXI_22_43" for instance <XLXI_22>.
INFO:Xst:3210 - "D:\Classes-2024\Digital System Fundamentals Shared\Practice\b04-88-counter\main.vf" line 424: Output port <Q0> of the instance <XLXI_1> is unconnected or connected to loadless signal.
INFO:Xst:3210 - "D:\Classes-2024\Digital System Fundamentals Shared\Practice\b04-88-counter\main.vf" line 424: Output port <Q1> of the instance <XLXI_1> is unconnected or connected to loadless signal.
INFO:Xst:3210 - "D:\Classes-2024\Digital System Fundamentals Shared\Practice\b04-88-counter\main.vf" line 424: Output port <Q2> of the instance <XLXI_1> is unconnected or connected to loadless signal.
INFO:Xst:3210 - "D:\Classes-2024\Digital System Fundamentals Shared\Practice\b04-88-counter\main.vf" line 424: Output port <Q3> of the instance <XLXI_1> is unconnected or connected to loadless signal.
INFO:Xst:3210 - "D:\Classes-2024\Digital System Fundamentals Shared\Practice\b04-88-counter\main.vf" line 424: Output port <TC> of the instance <XLXI_1> is unconnected or connected to loadless signal.
INFO:Xst:3210 - "D:\Classes-2024\Digital System Fundamentals Shared\Practice\b04-88-counter\main.vf" line 441: Output port <Q0> of the instance <XLXI_14> is unconnected or connected to loadless signal.
INFO:Xst:3210 - "D:\Classes-2024\Digital System Fundamentals Shared\Practice\b04-88-counter\main.vf" line 441: Output port <Q1> of the instance <XLXI_14> is unconnected or connected to loadless signal.
INFO:Xst:3210 - "D:\Classes-2024\Digital System Fundamentals Shared\Practice\b04-88-counter\main.vf" line 441: Output port <Q2> of the instance <XLXI_14> is unconnected or connected to loadless signal.
INFO:Xst:3210 - "D:\Classes-2024\Digital System Fundamentals Shared\Practice\b04-88-counter\main.vf" line 441: Output port <Q3> of the instance <XLXI_14> is unconnected or connected to loadless signal.
INFO:Xst:3210 - "D:\Classes-2024\Digital System Fundamentals Shared\Practice\b04-88-counter\main.vf" line 441: Output port <TC> of the instance <XLXI_14> is unconnected or connected to loadless signal.
INFO:Xst:3210 - "D:\Classes-2024\Digital System Fundamentals Shared\Practice\b04-88-counter\main.vf" line 451: Output port <Q0> of the instance <XLXI_17> is unconnected or connected to loadless signal.
INFO:Xst:3210 - "D:\Classes-2024\Digital System Fundamentals Shared\Practice\b04-88-counter\main.vf" line 451: Output port <Q1> of the instance <XLXI_17> is unconnected or connected to loadless signal.
INFO:Xst:3210 - "D:\Classes-2024\Digital System Fundamentals Shared\Practice\b04-88-counter\main.vf" line 451: Output port <Q2> of the instance <XLXI_17> is unconnected or connected to loadless signal.
INFO:Xst:3210 - "D:\Classes-2024\Digital System Fundamentals Shared\Practice\b04-88-counter\main.vf" line 451: Output port <Q3> of the instance <XLXI_17> is unconnected or connected to loadless signal.
INFO:Xst:3210 - "D:\Classes-2024\Digital System Fundamentals Shared\Practice\b04-88-counter\main.vf" line 451: Output port <TC> of the instance <XLXI_17> is unconnected or connected to loadless signal.
INFO:Xst:3210 - "D:\Classes-2024\Digital System Fundamentals Shared\Practice\b04-88-counter\main.vf" line 461: Output port <CEO> of the instance <XLXI_22> is unconnected or connected to loadless signal.
INFO:Xst:3210 - "D:\Classes-2024\Digital System Fundamentals Shared\Practice\b04-88-counter\main.vf" line 461: Output port <Q0> of the instance <XLXI_22> is unconnected or connected to loadless signal.
INFO:Xst:3210 - "D:\Classes-2024\Digital System Fundamentals Shared\Practice\b04-88-counter\main.vf" line 461: Output port <Q1> of the instance <XLXI_22> is unconnected or connected to loadless signal.
INFO:Xst:3210 - "D:\Classes-2024\Digital System Fundamentals Shared\Practice\b04-88-counter\main.vf" line 461: Output port <Q2> of the instance <XLXI_22> is unconnected or connected to loadless signal.
INFO:Xst:3210 - "D:\Classes-2024\Digital System Fundamentals Shared\Practice\b04-88-counter\main.vf" line 461: Output port <Q3> of the instance <XLXI_22> is unconnected or connected to loadless signal.
    Summary:
	no macro.
Unit <clkdiv20k_MUSER_main> synthesized.

Synthesizing Unit <FTCE_HXILINX_main>.
    Related source file is "D:\Classes-2024\Digital System Fundamentals Shared\Practice\b04-88-counter\main.vf".
        INIT = 1'b0
    Found 1-bit register for signal <Q>.
    Summary:
	inferred   1 D-type flip-flop(s).
Unit <FTCE_HXILINX_main> synthesized.

Synthesizing Unit <edetect_MUSER_main>.
    Related source file is "D:\Classes-2024\Digital System Fundamentals Shared\Practice\b04-88-counter\main.vf".
    Summary:
	no macro.
Unit <edetect_MUSER_main> synthesized.

Synthesizing Unit <counter88_MUSER_main>.
    Related source file is "D:\Classes-2024\Digital System Fundamentals Shared\Practice\b04-88-counter\main.vf".
    Set property "HU_SET = FLIPFLOP_A_31" for instance <FlipFlop_A>.
    Set property "HU_SET = FLIPFLOP_B_32" for instance <FlipFlop_B>.
    Set property "HU_SET = FLIPFLOP_C_33" for instance <FlipFlop_C>.
    Set property "HU_SET = FLIPFLOP_D_34" for instance <FlipFlop_D>.
    Set property "HU_SET = FLIPFLOP_E_35" for instance <FlipFlop_E>.
    Set property "HU_SET = FLIPFLOP_F_36" for instance <FlipFlop_F>.
    Set property "HU_SET = FLIPFLOP_G_37" for instance <FlipFlop_G>.
    Set property "HU_SET = FLIPFLOP_H_38" for instance <FlipFlop_H>.
    Set property "HU_SET = XLXI_18_39" for instance <XLXI_18>.
    Summary:
	no macro.
Unit <counter88_MUSER_main> synthesized.

Synthesizing Unit <FJKCE_HXILINX_main>.
    Related source file is "D:\Classes-2024\Digital System Fundamentals Shared\Practice\b04-88-counter\main.vf".
        INIT = 1'b0
    Found 1-bit register for signal <Q>.
    Summary:
	inferred   1 D-type flip-flop(s).
	inferred   2 Multiplexer(s).
Unit <FJKCE_HXILINX_main> synthesized.

Synthesizing Unit <AND8_HXILINX_main>.
    Related source file is "D:\Classes-2024\Digital System Fundamentals Shared\Practice\b04-88-counter\main.vf".
    Summary:
	no macro.
Unit <AND8_HXILINX_main> synthesized.

=========================================================================
HDL Synthesis Report

Macro Statistics
# Adders/Subtractors                                   : 11
 4-bit adder                                           : 11
# Registers                                            : 54
 1-bit register                                        : 54
# Multiplexers                                         : 97
 1-bit 2-to-1 multiplexer                              : 97

=========================================================================

=========================================================================
*                       Advanced HDL Synthesis                          *
=========================================================================


=========================================================================
Advanced HDL Synthesis Report

Macro Statistics
# Adders/Subtractors                                   : 11
 4-bit adder                                           : 11
# Registers                                            : 58
 Flip-Flops                                            : 58
# Multiplexers                                         : 93
 1-bit 2-to-1 multiplexer                              : 93

=========================================================================

=========================================================================
*                         Low Level Synthesis                           *
=========================================================================

Optimizing unit <main> ...

Optimizing unit <counter88_MUSER_main> ...

Optimizing unit <CD4CE_HXILINX_main> ...

Optimizing unit <FTCE_HXILINX_main> ...

Optimizing unit <FJKCE_HXILINX_main> ...

Optimizing unit <AND8_HXILINX_main> ...

Optimizing unit <XLXI_161> ...

Optimizing unit <XLXI_160> ...

Optimizing unit <XLXI_159> ...

Optimizing unit <XLXI_158> ...

Optimizing unit <ssd2d0ftb_MUSER_main> ...

Optimizing unit <FTC_HXILINX_main> ...

Mapping all equations...
Building and optimizing final netlist ...
Found area constraint ratio of 100 (+ 5) on block main, actual ratio is 0.

Final Macro Processing ...

=========================================================================
Final Register Report

Macro Statistics
# Registers                                            : 58
 Flip-Flops                                            : 58

=========================================================================

=========================================================================
*                           Partition Report                            *
=========================================================================

Partition Implementation Status
-------------------------------

  No Partitions were found in this design.

-------------------------------

=========================================================================
*                            Design Summary                             *
=========================================================================

Top Level Output File Name         : main.ngc

Primitive and Black Box Usage:
------------------------------
# BELS                             : 122
#      AND2                        : 6
#      AND2B1                      : 2
#      AND3                        : 3
#      AND4                        : 2
#      AND4B1                      : 1
#      AND5                        : 1
#      BUF                         : 10
#      GND                         : 1
#      INV                         : 28
#      LUT2                        : 1
#      LUT3                        : 34
#      LUT4                        : 22
#      LUT5                        : 4
#      LUT6                        : 4
#      OR2                         : 2
#      VCC                         : 1
# FlipFlops/Latches                : 58
#      FD                          : 2
#      FD_1                        : 2
#      FDCE                        : 54
# Clock Buffers                    : 2
#      BUFG                        : 1
#      BUFGP                       : 1
# IO Buffers                       : 14
#      IBUF                        : 2
#      OBUF                        : 12

Device utilization summary:
---------------------------

Selected Device : 6slx9tqg144-3 


Slice Logic Utilization: 
 Number of Slice Registers:              58  out of  11440     0%  
 Number of Slice LUTs:                   93  out of   5720     1%  
    Number used as Logic:                93  out of   5720     1%  

Slice Logic Distribution: 
 Number of LUT Flip Flop pairs used:    151
   Number with an unused Flip Flop:      93  out of    151    61%  
   Number with an unused LUT:            58  out of    151    38%  
   Number of fully used LUT-FF pairs:     0  out of    151     0%  
   Number of unique control sets:        24

IO Utilization: 
 Number of IOs:                          15
 Number of bonded IOBs:                  15  out of    102    14%  

Specific Feature Utilization:
 Number of BUFG/BUFGCTRLs:                2  out of     16    12%  

---------------------------
Partition Resource Summary:
---------------------------

  No Partitions were found in this design.

---------------------------


=========================================================================
Timing Report

NOTE: THESE TIMING NUMBERS ARE ONLY A SYNTHESIS ESTIMATE.
      FOR ACCURATE TIMING INFORMATION PLEASE REFER TO THE TRACE REPORT
      GENERATED AFTER PLACE-and-ROUTE.

Clock Information:
------------------
-----------------------------------------------+-------------------------+-------+
Clock Signal                                   | Clock buffer(FF name)   | Load  |
-----------------------------------------------+-------------------------+-------+
OSC                                            | BUFGP                   | 35    |
XLXI_48/XLXI_22/TC(XLXI_48/XLXI_22/Mmux_TC11:O)| NONE(*)(XLXI_48/XLXI_10)| 1     |
XLXI_22/XLXI_22/TC(XLXI_22/XLXI_22/Mmux_TC11:O)| NONE(*)(XLXI_22/XLXI_10)| 1     |
XLXN_1                                         | BUFG                    | 20    |
XLXN_46                                        | NONE(XLXI_21/XLXI_162/Q)| 1     |
-----------------------------------------------+-------------------------+-------+
(*) These 2 clock signal(s) are generated by combinatorial logic,
and XST is not able to identify which are the primary clock signals.
Please use the CLOCK_SIGNAL constraint to specify the clock signal(s) generated by combinatorial logic.
INFO:Xst:2169 - HDL ADVISOR - Some clock signals were not automatically buffered by XST with BUFG/BUFR resources. Please use the buffer_type constraint in order to insert these buffers to the clock signals to help prevent skew problems.

Asynchronous Control Signals Information:
----------------------------------------
No asynchronous control signals found in this design

Timing Summary:
---------------
Speed Grade: -3

   Minimum period: 4.539ns (Maximum Frequency: 220.313MHz)
   Minimum input arrival time before clock: 7.061ns
   Maximum output required time after clock: 7.419ns
   Maximum combinational path delay: No path found

Timing Details:
---------------
All values displayed in nanoseconds (ns)

=========================================================================
Timing constraint: Default period analysis for Clock 'OSC'
  Clock period: 4.393ns (frequency: 227.645MHz)
  Total number of paths / destination ports: 284 / 59
-------------------------------------------------------------------------
Delay:               4.393ns (Levels of Logic = 6)
  Source:            XLXI_22/XLXI_1/Q3 (FF)
  Destination:       XLXI_22/XLXI_22/Q3 (FF)
  Source Clock:      OSC falling
  Destination Clock: OSC falling

  Data Path: XLXI_22/XLXI_1/Q3 to XLXI_22/XLXI_22/Q3
                                Gate     Net
    Cell:in->out      fanout   Delay   Delay  Logical Name (Net Name)
    ----------------------------------------  ------------
     FDCE:C->Q             3   0.447   0.898  Q3 (Q3)
     LUT4:I0->O            5   0.203   0.715  Mmux_TC11 (TC)
     end scope: 'XLXI_22/XLXI_1:CEO'
     begin scope: 'XLXI_22/XLXI_14:CE'
     LUT5:I4->O            5   0.205   0.715  CEO1 (CEO)
     end scope: 'XLXI_22/XLXI_14:CEO'
     begin scope: 'XLXI_22/XLXI_17:CE'
     LUT5:I4->O            4   0.205   0.683  CEO1 (CEO)
     end scope: 'XLXI_22/XLXI_17:CEO'
     begin scope: 'XLXI_22/XLXI_22:CE'
     FDCE:CE                   0.322          Q3
    ----------------------------------------
    Total                      4.393ns (1.382ns logic, 3.011ns route)
                                       (31.5% logic, 68.5% route)

=========================================================================
Timing constraint: Default period analysis for Clock 'XLXI_48/XLXI_22/TC'
  Clock period: 2.275ns (frequency: 439.618MHz)
  Total number of paths / destination ports: 1 / 1
-------------------------------------------------------------------------
Delay:               2.275ns (Levels of Logic = 1)
  Source:            XLXI_48/XLXI_10 (FF)
  Destination:       XLXI_48/XLXI_10 (FF)
  Source Clock:      XLXI_48/XLXI_22/TC falling
  Destination Clock: XLXI_48/XLXI_22/TC falling

  Data Path: XLXI_48/XLXI_10 to XLXI_48/XLXI_10
                                Gate     Net
    Cell:in->out      fanout   Delay   Delay  Logical Name (Net Name)
    ----------------------------------------  ------------
     FD_1:C->Q             1   0.447   0.579  XLXI_48/XLXI_10 (XLXN_1)
     INV:I->O              1   0.568   0.579  XLXI_48/XLXI_11 (XLXI_48/XLXN_11)
     FD_1:D                    0.102          XLXI_48/XLXI_10
    ----------------------------------------
    Total                      2.275ns (1.117ns logic, 1.158ns route)
                                       (49.1% logic, 50.9% route)

=========================================================================
Timing constraint: Default period analysis for Clock 'XLXI_22/XLXI_22/TC'
  Clock period: 2.312ns (frequency: 432.507MHz)
  Total number of paths / destination ports: 1 / 1
-------------------------------------------------------------------------
Delay:               2.312ns (Levels of Logic = 1)
  Source:            XLXI_22/XLXI_10 (FF)
  Destination:       XLXI_22/XLXI_10 (FF)
  Source Clock:      XLXI_22/XLXI_22/TC falling
  Destination Clock: XLXI_22/XLXI_22/TC falling

  Data Path: XLXI_22/XLXI_10 to XLXI_22/XLXI_10
                                Gate     Net
    Cell:in->out      fanout   Delay   Delay  Logical Name (Net Name)
    ----------------------------------------  ------------
     FD_1:C->Q             2   0.447   0.616  XLXI_22/XLXI_10 (XLXN_46)
     INV:I->O              1   0.568   0.579  XLXI_22/XLXI_11 (XLXI_22/XLXN_11)
     FD_1:D                    0.102          XLXI_22/XLXI_10
    ----------------------------------------
    Total                      2.312ns (1.117ns logic, 1.195ns route)
                                       (48.3% logic, 51.7% route)

=========================================================================
Timing constraint: Default period analysis for Clock 'XLXN_1'
  Clock period: 4.539ns (frequency: 220.313MHz)
  Total number of paths / destination ports: 223 / 36
-------------------------------------------------------------------------
Delay:               4.539ns (Levels of Logic = 6)
  Source:            XLXI_7/Q2 (FF)
  Destination:       XLXI_50/FlipFlop_H/Q (FF)
  Source Clock:      XLXN_1 falling
  Destination Clock: XLXN_1 falling

  Data Path: XLXI_7/Q2 to XLXI_50/FlipFlop_H/Q
                                Gate     Net
    Cell:in->out      fanout   Delay   Delay  Logical Name (Net Name)
    ----------------------------------------  ------------
     FDCE:C->Q             3   0.447   0.898  Q2 (Q2)
     LUT6:I2->O            5   0.203   0.715  CEO1 (CEO)
     end scope: 'XLXI_7:CEO'
     begin scope: 'XLXI_6:CE'
     LUT6:I5->O            5   0.205   0.715  CEO1 (CEO)
     end scope: 'XLXI_6:CEO'
     begin scope: 'XLXI_8:CE'
     LUT6:I5->O            9   0.205   0.829  CEO1 (CEO)
     end scope: 'XLXI_8:CEO'
     begin scope: 'XLXI_50/FlipFlop_H:CE'
     FDCE:CE                   0.322          Q
    ----------------------------------------
    Total                      4.539ns (1.382ns logic, 3.157ns route)
                                       (30.4% logic, 69.6% route)

=========================================================================
Timing constraint: Default period analysis for Clock 'XLXN_46'
  Clock period: 2.106ns (frequency: 474.721MHz)
  Total number of paths / destination ports: 1 / 1
-------------------------------------------------------------------------
Delay:               2.106ns (Levels of Logic = 1)
  Source:            XLXI_21/XLXI_162/Q (FF)
  Destination:       XLXI_21/XLXI_162/Q (FF)
  Source Clock:      XLXN_46 rising
  Destination Clock: XLXN_46 rising

  Data Path: XLXI_21/XLXI_162/Q to XLXI_21/XLXI_162/Q
                                Gate     Net
    Cell:in->out      fanout   Delay   Delay  Logical Name (Net Name)
    ----------------------------------------  ------------
     FDCE:C->Q             7   0.447   0.773  Q (Q)
     INV:I->O              1   0.206   0.579  Q_INV_2_o1_INV_0 (Q_INV_2_o)
     FDCE:D                    0.102          Q
    ----------------------------------------
    Total                      2.106ns (0.755ns logic, 1.352ns route)
                                       (35.8% logic, 64.2% route)

=========================================================================
Timing constraint: Default OFFSET IN BEFORE for Clock 'OSC'
  Total number of paths / destination ports: 1 / 1
-------------------------------------------------------------------------
Offset:              1.903ns (Levels of Logic = 1)
  Source:            BTN1 (PAD)
  Destination:       XLXI_45/XLXI_1 (FF)
  Destination Clock: OSC rising

  Data Path: BTN1 to XLXI_45/XLXI_1
                                Gate     Net
    Cell:in->out      fanout   Delay   Delay  Logical Name (Net Name)
    ----------------------------------------  ------------
     IBUF:I->O             1   1.222   0.579  BTN1_IBUF (BTN1_IBUF)
     FD:D                      0.102          XLXI_45/XLXI_1
    ----------------------------------------
    Total                      1.903ns (1.324ns logic, 0.579ns route)
                                       (69.6% logic, 30.4% route)

=========================================================================
Timing constraint: Default OFFSET IN BEFORE for Clock 'XLXN_1'
  Total number of paths / destination ports: 56 / 36
-------------------------------------------------------------------------
Offset:              7.061ns (Levels of Logic = 9)
  Source:            BTN2 (PAD)
  Destination:       XLXI_50/FlipFlop_H/Q (FF)
  Destination Clock: XLXN_1 falling

  Data Path: BTN2 to XLXI_50/FlipFlop_H/Q
                                Gate     Net
    Cell:in->out      fanout   Delay   Delay  Logical Name (Net Name)
    ----------------------------------------  ------------
     IBUF:I->O             1   1.222   0.924  BTN2_IBUF (BTN2_IBUF)
     AND2B1:I1->O         23   0.223   1.498  XLXI_17 (XLXN_13)
     begin scope: 'XLXI_7:CLR'
     LUT6:I1->O            5   0.203   0.715  CEO1 (CEO)
     end scope: 'XLXI_7:CEO'
     begin scope: 'XLXI_6:CE'
     LUT6:I5->O            5   0.205   0.715  CEO1 (CEO)
     end scope: 'XLXI_6:CEO'
     begin scope: 'XLXI_8:CE'
     LUT6:I5->O            9   0.205   0.829  CEO1 (CEO)
     end scope: 'XLXI_8:CEO'
     begin scope: 'XLXI_50/FlipFlop_H:CE'
     FDCE:CE                   0.322          Q
    ----------------------------------------
    Total                      7.061ns (2.380ns logic, 4.681ns route)
                                       (33.7% logic, 66.3% route)

=========================================================================
Timing constraint: Default OFFSET OUT AFTER for Clock 'XLXN_1'
  Total number of paths / destination ports: 60 / 8
-------------------------------------------------------------------------
Offset:              7.419ns (Levels of Logic = 6)
  Source:            XLXI_50/FlipFlop_A/Q (FF)
  Destination:       SSD_Segment<6> (PAD)
  Source Clock:      XLXN_1 falling

  Data Path: XLXI_50/FlipFlop_A/Q to SSD_Segment<6>
                                Gate     Net
    Cell:in->out      fanout   Delay   Delay  Logical Name (Net Name)
    ----------------------------------------  ------------
     FDCE:C->Q            17   0.447   1.027  Q (Q)
     end scope: 'XLXI_50/FlipFlop_A:Q'
     BUF:I->O              1   0.568   0.684  XLXI_20/XLXI_1 (XLXN_45<0>)
     begin scope: 'XLXI_21/XLXI_158:D0'
     LUT3:I1->O            7   0.203   1.021  Mmux_O11 (O)
     end scope: 'XLXI_21/XLXI_158:O'
     LUT4:I0->O            1   0.320   0.579  XLXI_21/XLXI_1 (SSD_Segment_6_OBUF)
     OBUF:I->O                 2.571          SSD_Segment_6_OBUF (SSD_Segment<6>)
    ----------------------------------------
    Total                      7.419ns (4.109ns logic, 3.310ns route)
                                       (55.4% logic, 44.6% route)

=========================================================================
Timing constraint: Default OFFSET OUT AFTER for Clock 'XLXN_46'
  Total number of paths / destination ports: 30 / 9
-------------------------------------------------------------------------
Offset:              6.144ns (Levels of Logic = 5)
  Source:            XLXI_21/XLXI_162/Q (FF)
  Destination:       SSD_Segment<6> (PAD)
  Source Clock:      XLXN_46 rising

  Data Path: XLXI_21/XLXI_162/Q to SSD_Segment<6>
                                Gate     Net
    Cell:in->out      fanout   Delay   Delay  Logical Name (Net Name)
    ----------------------------------------  ------------
     FDCE:C->Q             7   0.447   1.002  Q (Q)
     end scope: 'XLXI_21/XLXI_162:Q'
     begin scope: 'XLXI_21/XLXI_161:S0'
     LUT3:I0->O            7   0.205   0.774  Mmux_O11 (O)
     end scope: 'XLXI_21/XLXI_161:O'
     LUT4:I3->O            1   0.567   0.579  XLXI_21/XLXI_1 (SSD_Segment_6_OBUF)
     OBUF:I->O                 2.571          SSD_Segment_6_OBUF (SSD_Segment<6>)
    ----------------------------------------
    Total                      6.144ns (3.790ns logic, 2.354ns route)
                                       (61.7% logic, 38.3% route)

=========================================================================

Cross Clock Domains Report:
--------------------------

Clock to Setup on destination clock OSC
---------------+---------+---------+---------+---------+
               | Src:Rise| Src:Fall| Src:Rise| Src:Fall|
Source Clock   |Dest:Rise|Dest:Rise|Dest:Fall|Dest:Fall|
---------------+---------+---------+---------+---------+
OSC            |    2.532|         |    4.393|         |
---------------+---------+---------+---------+---------+

Clock to Setup on destination clock XLXI_22/XLXI_22/TC
------------------+---------+---------+---------+---------+
                  | Src:Rise| Src:Fall| Src:Rise| Src:Fall|
Source Clock      |Dest:Rise|Dest:Rise|Dest:Fall|Dest:Fall|
------------------+---------+---------+---------+---------+
XLXI_22/XLXI_22/TC|         |         |    2.312|         |
------------------+---------+---------+---------+---------+

Clock to Setup on destination clock XLXI_48/XLXI_22/TC
------------------+---------+---------+---------+---------+
                  | Src:Rise| Src:Fall| Src:Rise| Src:Fall|
Source Clock      |Dest:Rise|Dest:Rise|Dest:Fall|Dest:Fall|
------------------+---------+---------+---------+---------+
XLXI_48/XLXI_22/TC|         |         |    2.275|         |
------------------+---------+---------+---------+---------+

Clock to Setup on destination clock XLXN_1
---------------+---------+---------+---------+---------+
               | Src:Rise| Src:Fall| Src:Rise| Src:Fall|
Source Clock   |Dest:Rise|Dest:Rise|Dest:Fall|Dest:Fall|
---------------+---------+---------+---------+---------+
OSC            |         |         |    6.480|         |
XLXN_1         |         |         |    4.539|         |
---------------+---------+---------+---------+---------+

Clock to Setup on destination clock XLXN_46
---------------+---------+---------+---------+---------+
               | Src:Rise| Src:Fall| Src:Rise| Src:Fall|
Source Clock   |Dest:Rise|Dest:Rise|Dest:Fall|Dest:Fall|
---------------+---------+---------+---------+---------+
XLXN_46        |    2.106|         |         |         |
---------------+---------+---------+---------+---------+

=========================================================================


Total REAL time to Xst completion: 2.00 secs
Total CPU time to Xst completion: 2.73 secs
 
--> 

Total memory usage is 4501776 kilobytes

Number of errors   :    0 (   0 filtered)
Number of warnings :    1 (   0 filtered)
Number of infos    :   38 (   0 filtered)

