--------------------------------------------------------------------------------
Release 14.7 Trace  (nt64)
Copyright (c) 1995-2013 Xilinx, Inc.  All rights reserved.

C:\Xilinx\14.7\ISE_DS\ISE\bin\nt64\unwrapped\trce.exe -intstyle ise -v 3 -s 3
-n 3 -fastpaths -xml main.twx main.ncd -o main.twr main.pcf -ucf main.ucf

Design file:              main.ncd
Physical constraint file: main.pcf
Device,package,speed:     xc6slx9,tqg144,C,-3 (PRODUCTION 1.23 2013-10-13)
Report level:             verbose report

Environment Variable      Effect 
--------------------      ------ 
NONE                      No environment variables were set
--------------------------------------------------------------------------------

INFO:Timing:2698 - No timing constraints found, doing default enumeration.
INFO:Timing:3412 - To improve timing, see the Timing Closure User Guide (UG612).
INFO:Timing:2752 - To get complete path coverage, use the unconstrained paths 
   option. All paths that are not constrained will be reported in the 
   unconstrained paths section(s) of the report.
INFO:Timing:3339 - The clock-to-out numbers in this timing report are based on 
   a 50 Ohm transmission line loading model.  For the details of this model, 
   and for more information on accounting for different loading conditions, 
   please see the device datasheet.



Data Sheet report:
-----------------
All values displayed in nanoseconds (ns)

Clock to Setup on destination clock OSC
---------------+---------+---------+---------+---------+
               | Src:Rise| Src:Fall| Src:Rise| Src:Fall|
Source Clock   |Dest:Rise|Dest:Rise|Dest:Fall|Dest:Fall|
---------------+---------+---------+---------+---------+
OSC            |         |         |         |    3.534|
---------------+---------+---------+---------+---------+

Pad to Pad
---------------+---------------+---------+
Source Pad     |Destination Pad|  Delay  |
---------------+---------------+---------+
DIP<0>         |BUZZER         |   13.718|
DIP<0>         |SSD_Segment<0> |   16.095|
DIP<0>         |SSD_Segment<1> |   16.151|
DIP<0>         |SSD_Segment<2> |   15.496|
DIP<0>         |SSD_Segment<3> |   15.886|
DIP<0>         |SSD_Segment<4> |   15.712|
DIP<0>         |SSD_Segment<5> |   15.387|
DIP<0>         |SSD_Segment<6> |   15.406|
DIP<1>         |BUZZER         |   13.112|
DIP<1>         |SSD_Segment<0> |   15.489|
DIP<1>         |SSD_Segment<1> |   15.545|
DIP<1>         |SSD_Segment<2> |   14.890|
DIP<1>         |SSD_Segment<3> |   15.280|
DIP<1>         |SSD_Segment<4> |   15.106|
DIP<1>         |SSD_Segment<5> |   14.781|
DIP<1>         |SSD_Segment<6> |   14.800|
DIP<2>         |BUZZER         |   13.066|
DIP<2>         |SSD_Segment<0> |   15.443|
DIP<2>         |SSD_Segment<1> |   15.499|
DIP<2>         |SSD_Segment<2> |   14.844|
DIP<2>         |SSD_Segment<3> |   15.234|
DIP<2>         |SSD_Segment<4> |   15.060|
DIP<2>         |SSD_Segment<5> |   14.735|
DIP<2>         |SSD_Segment<6> |   14.754|
DIP<3>         |BUZZER         |   11.881|
DIP<3>         |SSD_Segment<0> |   14.258|
DIP<3>         |SSD_Segment<1> |   14.314|
DIP<3>         |SSD_Segment<2> |   13.659|
DIP<3>         |SSD_Segment<3> |   14.049|
DIP<3>         |SSD_Segment<4> |   13.875|
DIP<3>         |SSD_Segment<5> |   13.550|
DIP<3>         |SSD_Segment<6> |   13.569|
DIP<4>         |BUZZER         |   11.960|
DIP<4>         |SSD_Segment<0> |   14.337|
DIP<4>         |SSD_Segment<1> |   14.393|
DIP<4>         |SSD_Segment<2> |   13.738|
DIP<4>         |SSD_Segment<3> |   14.128|
DIP<4>         |SSD_Segment<4> |   13.954|
DIP<4>         |SSD_Segment<5> |   13.629|
DIP<4>         |SSD_Segment<6> |   13.648|
DIP<5>         |BUZZER         |   11.573|
DIP<5>         |SSD_Segment<0> |   13.950|
DIP<5>         |SSD_Segment<1> |   14.006|
DIP<5>         |SSD_Segment<2> |   13.351|
DIP<5>         |SSD_Segment<3> |   13.741|
DIP<5>         |SSD_Segment<4> |   13.567|
DIP<5>         |SSD_Segment<5> |   13.242|
DIP<5>         |SSD_Segment<6> |   13.261|
DIP<6>         |BUZZER         |   11.162|
DIP<6>         |SSD_Segment<0> |   13.378|
DIP<6>         |SSD_Segment<1> |   13.434|
DIP<6>         |SSD_Segment<2> |   12.940|
DIP<6>         |SSD_Segment<3> |   13.330|
DIP<6>         |SSD_Segment<4> |   13.156|
DIP<6>         |SSD_Segment<5> |   12.831|
DIP<6>         |SSD_Segment<6> |   12.850|
DIP<7>         |BUZZER         |   10.652|
DIP<7>         |SSD_Segment<0> |   12.781|
DIP<7>         |SSD_Segment<1> |   12.837|
DIP<7>         |SSD_Segment<2> |   12.430|
DIP<7>         |SSD_Segment<3> |   12.820|
DIP<7>         |SSD_Segment<4> |   12.427|
DIP<7>         |SSD_Segment<5> |   12.102|
DIP<7>         |SSD_Segment<6> |   12.340|
SW<0>          |BUZZER         |   12.868|
SW<0>          |SSD_Segment<0> |   15.245|
SW<0>          |SSD_Segment<1> |   15.301|
SW<0>          |SSD_Segment<2> |   14.646|
SW<0>          |SSD_Segment<3> |   15.036|
SW<0>          |SSD_Segment<4> |   14.862|
SW<0>          |SSD_Segment<5> |   14.537|
SW<0>          |SSD_Segment<6> |   14.556|
SW<1>          |BUZZER         |   12.863|
SW<1>          |SSD_Segment<0> |   15.240|
SW<1>          |SSD_Segment<1> |   15.296|
SW<1>          |SSD_Segment<2> |   14.641|
SW<1>          |SSD_Segment<3> |   15.031|
SW<1>          |SSD_Segment<4> |   14.857|
SW<1>          |SSD_Segment<5> |   14.532|
SW<1>          |SSD_Segment<6> |   14.551|
SW<2>          |BUZZER         |   12.831|
SW<2>          |SSD_Segment<0> |   15.208|
SW<2>          |SSD_Segment<1> |   15.264|
SW<2>          |SSD_Segment<2> |   14.609|
SW<2>          |SSD_Segment<3> |   14.999|
SW<2>          |SSD_Segment<4> |   14.825|
SW<2>          |SSD_Segment<5> |   14.500|
SW<2>          |SSD_Segment<6> |   14.519|
SW<3>          |BUZZER         |   11.558|
SW<3>          |SSD_Segment<0> |   13.935|
SW<3>          |SSD_Segment<1> |   13.991|
SW<3>          |SSD_Segment<2> |   13.336|
SW<3>          |SSD_Segment<3> |   13.726|
SW<3>          |SSD_Segment<4> |   13.552|
SW<3>          |SSD_Segment<5> |   13.227|
SW<3>          |SSD_Segment<6> |   13.246|
SW<4>          |BUZZER         |   11.621|
SW<4>          |SSD_Segment<0> |   13.998|
SW<4>          |SSD_Segment<1> |   14.054|
SW<4>          |SSD_Segment<2> |   13.399|
SW<4>          |SSD_Segment<3> |   13.789|
SW<4>          |SSD_Segment<4> |   13.615|
SW<4>          |SSD_Segment<5> |   13.290|
SW<4>          |SSD_Segment<6> |   13.309|
SW<5>          |BUZZER         |   10.806|
SW<5>          |SSD_Segment<0> |   13.183|
SW<5>          |SSD_Segment<1> |   13.239|
SW<5>          |SSD_Segment<2> |   12.584|
SW<5>          |SSD_Segment<3> |   12.974|
SW<5>          |SSD_Segment<4> |   12.800|
SW<5>          |SSD_Segment<5> |   12.475|
SW<5>          |SSD_Segment<6> |   12.494|
SW<6>          |BUZZER         |   10.462|
SW<6>          |SSD_Segment<0> |   12.678|
SW<6>          |SSD_Segment<1> |   12.734|
SW<6>          |SSD_Segment<2> |   12.240|
SW<6>          |SSD_Segment<3> |   12.630|
SW<6>          |SSD_Segment<4> |   12.456|
SW<6>          |SSD_Segment<5> |   12.131|
SW<6>          |SSD_Segment<6> |   12.150|
SW<7>          |BUZZER         |    9.915|
SW<7>          |SSD_Segment<0> |   12.044|
SW<7>          |SSD_Segment<1> |   12.100|
SW<7>          |SSD_Segment<2> |   11.693|
SW<7>          |SSD_Segment<3> |   12.083|
SW<7>          |SSD_Segment<4> |   11.690|
SW<7>          |SSD_Segment<5> |   11.365|
SW<7>          |SSD_Segment<6> |   11.603|
---------------+---------------+---------+


Analysis completed Tue Sep 03 13:44:23 2024 
--------------------------------------------------------------------------------

Trace Settings:
-------------------------
Trace Settings 

Peak Memory Usage: 4585 MB



