--------------------------------------------------------------------------------
Release 14.7 Trace  (nt64)
Copyright (c) 1995-2013 Xilinx, Inc.  All rights reserved.

C:\Xilinx\14.7\ISE_DS\ISE\bin\nt64\unwrapped\trce.exe -intstyle ise -v 3 -s 3
-n 3 -fastpaths -xml main.twx main.ncd -o main.twr main.pcf -ucf main.ucf

Design file:              main.ncd
Physical constraint file: main.pcf
Device,package,speed:     xc6slx9,tqg144,C,-3 (PRODUCTION 1.23 2013-10-13)
Report level:             verbose report

Environment Variable      Effect 
--------------------      ------ 
NONE                      No environment variables were set
--------------------------------------------------------------------------------

INFO:Timing:2698 - No timing constraints found, doing default enumeration.
INFO:Timing:3412 - To improve timing, see the Timing Closure User Guide (UG612).
INFO:Timing:2752 - To get complete path coverage, use the unconstrained paths 
   option. All paths that are not constrained will be reported in the 
   unconstrained paths section(s) of the report.
INFO:Timing:3339 - The clock-to-out numbers in this timing report are based on 
   a 50 Ohm transmission line loading model.  For the details of this model, 
   and for more information on accounting for different loading conditions, 
   please see the device datasheet.



Data Sheet report:
-----------------
All values displayed in nanoseconds (ns)

Clock to Setup on destination clock OSC
---------------+---------+---------+---------+---------+
               | Src:Rise| Src:Fall| Src:Rise| Src:Fall|
Source Clock   |Dest:Rise|Dest:Rise|Dest:Fall|Dest:Fall|
---------------+---------+---------+---------+---------+
OSC            |         |         |         |    3.605|
---------------+---------+---------+---------+---------+

Pad to Pad
---------------+---------------+---------+
Source Pad     |Destination Pad|  Delay  |
---------------+---------------+---------+
SW0            |SSD_Segment<0> |   10.047|
SW0            |SSD_Segment<1> |   10.769|
SW0            |SSD_Segment<2> |   11.168|
SW0            |SSD_Segment<3> |   10.243|
SW0            |SSD_Segment<4> |   10.287|
SW0            |SSD_Segment<5> |   11.126|
SW0            |SSD_Segment<6> |   11.315|
SW1            |SSD_Segment<0> |   10.447|
SW1            |SSD_Segment<1> |   11.169|
SW1            |SSD_Segment<2> |   11.568|
SW1            |SSD_Segment<3> |   10.643|
SW1            |SSD_Segment<4> |   10.687|
SW1            |SSD_Segment<5> |   11.526|
SW1            |SSD_Segment<6> |   11.715|
SW2            |SSD_Segment<0> |   10.314|
SW2            |SSD_Segment<1> |   11.036|
SW2            |SSD_Segment<2> |   11.435|
SW2            |SSD_Segment<3> |   10.510|
SW2            |SSD_Segment<4> |   10.554|
SW2            |SSD_Segment<5> |   11.393|
SW2            |SSD_Segment<6> |   11.582|
SW3            |SSD_Segment<0> |   10.148|
SW3            |SSD_Segment<1> |   10.870|
SW3            |SSD_Segment<2> |   11.269|
SW3            |SSD_Segment<3> |   10.344|
SW3            |SSD_Segment<4> |   10.388|
SW3            |SSD_Segment<5> |   11.227|
SW3            |SSD_Segment<6> |   11.416|
---------------+---------------+---------+


Analysis completed Thu Aug 22 15:26:59 2024 
--------------------------------------------------------------------------------

Trace Settings:
-------------------------
Trace Settings 

Peak Memory Usage: 4586 MB



