--------------------------------------------------------------------------------
Release 14.7 Trace  (nt64)
Copyright (c) 1995-2013 Xilinx, Inc.  All rights reserved.

C:\Xilinx\14.7\ISE_DS\ISE\bin\nt64\unwrapped\trce.exe -intstyle ise -v 3 -s 3
-n 3 -fastpaths -xml main.twx main.ncd -o main.twr main.pcf -ucf main.ucf

Design file:              main.ncd
Physical constraint file: main.pcf
Device,package,speed:     xc6slx9,tqg144,C,-3 (PRODUCTION 1.23 2013-10-13)
Report level:             verbose report

Environment Variable      Effect 
--------------------      ------ 
NONE                      No environment variables were set
--------------------------------------------------------------------------------

INFO:Timing:2698 - No timing constraints found, doing default enumeration.
INFO:Timing:3412 - To improve timing, see the Timing Closure User Guide (UG612).
INFO:Timing:2752 - To get complete path coverage, use the unconstrained paths 
   option. All paths that are not constrained will be reported in the 
   unconstrained paths section(s) of the report.
INFO:Timing:3339 - The clock-to-out numbers in this timing report are based on 
   a 50 Ohm transmission line loading model.  For the details of this model, 
   and for more information on accounting for different loading conditions, 
   please see the device datasheet.



Data Sheet report:
-----------------
All values displayed in nanoseconds (ns)

Setup/Hold to clock OSC
------------+------------+------------+------------+------------+------------------+--------+
            |Max Setup to|  Process   |Max Hold to |  Process   |                  | Clock  |
Source      | clk (edge) |   Corner   | clk (edge) |   Corner   |Internal Clock(s) | Phase  |
------------+------------+------------+------------+------------+------------------+--------+
BTN3        |    2.393(R)|      SLOW  |   -1.262(R)|      FAST  |OSC_BUFGP         |   0.000|
BTN4        |    2.247(R)|      SLOW  |   -1.134(R)|      FAST  |OSC_BUFGP         |   0.000|
DIP2        |    2.326(R)|      SLOW  |   -1.154(R)|      FAST  |OSC_BUFGP         |   0.000|
DIP3        |    2.572(R)|      SLOW  |   -1.307(R)|      FAST  |OSC_BUFGP         |   0.000|
DIP4        |    2.343(R)|      SLOW  |   -1.157(R)|      FAST  |OSC_BUFGP         |   0.000|
DIP5        |    1.986(R)|      SLOW  |   -0.874(R)|      FAST  |OSC_BUFGP         |   0.000|
DIP6        |    2.064(R)|      SLOW  |   -0.929(R)|      FAST  |OSC_BUFGP         |   0.000|
DIP7        |    1.960(R)|      SLOW  |   -0.858(R)|      FAST  |OSC_BUFGP         |   0.000|
DIP8        |    1.914(R)|      SLOW  |   -0.845(R)|      FAST  |OSC_BUFGP         |   0.000|
SW0         |    1.194(R)|      SLOW  |   -0.309(R)|      SLOW  |OSC_BUFGP         |   0.000|
SW1         |    1.583(R)|      SLOW  |   -0.678(R)|      SLOW  |OSC_BUFGP         |   0.000|
SW2         |    1.327(R)|      SLOW  |   -0.432(R)|      SLOW  |OSC_BUFGP         |   0.000|
SW3         |    1.294(R)|      SLOW  |   -0.399(R)|      SLOW  |OSC_BUFGP         |   0.000|
SW4         |    0.912(R)|      SLOW  |   -0.025(R)|      SLOW  |OSC_BUFGP         |   0.000|
SW5         |    0.887(R)|      SLOW  |    0.000(R)|      SLOW  |OSC_BUFGP         |   0.000|
SW6         |    0.906(R)|      SLOW  |   -0.018(R)|      SLOW  |OSC_BUFGP         |   0.000|
SW7         |    0.659(R)|      SLOW  |    0.215(R)|      SLOW  |OSC_BUFGP         |   0.000|
------------+------------+------------+------------+------------+------------------+--------+

Clock OSC to Pad
--------------+-----------------+------------+-----------------+------------+------------------+--------+
              |Max (slowest) clk|  Process   |Min (fastest) clk|  Process   |                  | Clock  |
Destination   |  (edge) to PAD  |   Corner   |  (edge) to PAD  |   Corner   |Internal Clock(s) | Phase  |
--------------+-----------------+------------+-----------------+------------+------------------+--------+
LED0          |        13.299(R)|      SLOW  |         4.500(R)|      FAST  |OSC_BUFGP         |   0.000|
LED1          |        13.511(R)|      SLOW  |         3.854(R)|      FAST  |OSC_BUFGP         |   0.000|
LED2          |        13.036(R)|      SLOW  |         3.904(R)|      FAST  |OSC_BUFGP         |   0.000|
LED3          |         7.312(R)|      SLOW  |         3.738(R)|      FAST  |OSC_BUFGP         |   0.000|
LED4          |         7.973(R)|      SLOW  |         3.939(R)|      FAST  |OSC_BUFGP         |   0.000|
LED5          |         8.029(R)|      SLOW  |         3.990(R)|      FAST  |OSC_BUFGP         |   0.000|
LED6          |         7.952(R)|      SLOW  |         3.982(R)|      FAST  |OSC_BUFGP         |   0.000|
LED7          |         8.351(R)|      SLOW  |         4.289(R)|      FAST  |OSC_BUFGP         |   0.000|
MN<0>         |         8.123(R)|      SLOW  |         4.280(R)|      FAST  |OSC_BUFGP         |   0.000|
MN<1>         |         7.852(R)|      SLOW  |         4.107(R)|      FAST  |OSC_BUFGP         |   0.000|
MN<2>         |         7.888(R)|      SLOW  |         4.111(R)|      FAST  |OSC_BUFGP         |   0.000|
MN<3>         |         7.750(R)|      SLOW  |         4.030(R)|      FAST  |OSC_BUFGP         |   0.000|
MN<4>         |         7.927(R)|      SLOW  |         4.140(R)|      FAST  |OSC_BUFGP         |   0.000|
MN<5>         |         8.040(R)|      SLOW  |         4.218(R)|      FAST  |OSC_BUFGP         |   0.000|
MN<6>         |         7.980(R)|      SLOW  |         4.182(R)|      FAST  |OSC_BUFGP         |   0.000|
MN<7>         |         7.626(R)|      SLOW  |         3.942(R)|      FAST  |OSC_BUFGP         |   0.000|
SSD_COM<0>    |        13.663(R)|      SLOW  |         5.301(R)|      FAST  |OSC_BUFGP         |   0.000|
SSD_COM<1>    |        14.642(R)|      SLOW  |         4.393(R)|      FAST  |OSC_BUFGP         |   0.000|
SSD_COM<2>    |        14.691(R)|      SLOW  |         4.135(R)|      FAST  |OSC_BUFGP         |   0.000|
SSD_COM<3>    |        13.480(R)|      SLOW  |         4.121(R)|      FAST  |OSC_BUFGP         |   0.000|
SSD_Segment<0>|        12.201(R)|      SLOW  |         5.196(R)|      FAST  |OSC_BUFGP         |   0.000|
SSD_Segment<1>|        12.315(R)|      SLOW  |         5.267(R)|      FAST  |OSC_BUFGP         |   0.000|
SSD_Segment<2>|        12.697(R)|      SLOW  |         5.144(R)|      FAST  |OSC_BUFGP         |   0.000|
SSD_Segment<3>|        12.641(R)|      SLOW  |         5.126(R)|      FAST  |OSC_BUFGP         |   0.000|
SSD_Segment<4>|        12.418(R)|      SLOW  |         4.962(R)|      FAST  |OSC_BUFGP         |   0.000|
SSD_Segment<5>|        12.299(R)|      SLOW  |         4.910(R)|      FAST  |OSC_BUFGP         |   0.000|
SSD_Segment<6>|        11.989(R)|      SLOW  |         4.462(R)|      FAST  |OSC_BUFGP         |   0.000|
--------------+-----------------+------------+-----------------+------------+------------------+--------+

Clock to Setup on destination clock OSC
---------------+---------+---------+---------+---------+
               | Src:Rise| Src:Fall| Src:Rise| Src:Fall|
Source Clock   |Dest:Rise|Dest:Rise|Dest:Fall|Dest:Fall|
---------------+---------+---------+---------+---------+
OSC            |    9.205|    8.792|         |    6.781|
---------------+---------+---------+---------+---------+


Analysis completed Tue Oct 01 09:07:00 2024 
--------------------------------------------------------------------------------

Trace Settings:
-------------------------
Trace Settings 

Peak Memory Usage: 4585 MB



