--------------------------------------------------------------------------------
Release 14.7 Trace  (nt64)
Copyright (c) 1995-2013 Xilinx, Inc.  All rights reserved.

C:\Xilinx\14.7\ISE_DS\ISE\bin\nt64\unwrapped\trce.exe -intstyle ise -v 3 -s 3
-n 3 -fastpaths -xml main.twx main.ncd -o main.twr main.pcf -ucf main.ucf

Design file:              main.ncd
Physical constraint file: main.pcf
Device,package,speed:     xc6slx9,tqg144,C,-3 (PRODUCTION 1.23 2013-10-13)
Report level:             verbose report

Environment Variable      Effect 
--------------------      ------ 
NONE                      No environment variables were set
--------------------------------------------------------------------------------

INFO:Timing:2698 - No timing constraints found, doing default enumeration.
INFO:Timing:3412 - To improve timing, see the Timing Closure User Guide (UG612).
INFO:Timing:2752 - To get complete path coverage, use the unconstrained paths 
   option. All paths that are not constrained will be reported in the 
   unconstrained paths section(s) of the report.
INFO:Timing:3339 - The clock-to-out numbers in this timing report are based on 
   a 50 Ohm transmission line loading model.  For the details of this model, 
   and for more information on accounting for different loading conditions, 
   please see the device datasheet.



Data Sheet report:
-----------------
All values displayed in nanoseconds (ns)

Clock to Setup on destination clock OSC
---------------+---------+---------+---------+---------+
               | Src:Rise| Src:Fall| Src:Rise| Src:Fall|
Source Clock   |Dest:Rise|Dest:Rise|Dest:Fall|Dest:Fall|
---------------+---------+---------+---------+---------+
OSC            |         |         |         |    3.598|
---------------+---------+---------+---------+---------+

Pad to Pad
---------------+---------------+---------+
Source Pad     |Destination Pad|  Delay  |
---------------+---------------+---------+
SW0            |SSD_Segment<0> |   11.791|
SW0            |SSD_Segment<1> |   11.719|
SW0            |SSD_Segment<2> |   12.878|
SW0            |SSD_Segment<3> |   11.768|
SW0            |SSD_Segment<4> |   11.965|
SW0            |SSD_Segment<5> |   12.277|
SW0            |SSD_Segment<6> |   12.701|
SW1            |SSD_Segment<0> |   11.824|
SW1            |SSD_Segment<1> |   11.752|
SW1            |SSD_Segment<2> |   12.911|
SW1            |SSD_Segment<3> |   11.801|
SW1            |SSD_Segment<4> |   11.998|
SW1            |SSD_Segment<5> |   12.310|
SW1            |SSD_Segment<6> |   12.734|
SW2            |SSD_Segment<0> |   11.659|
SW2            |SSD_Segment<1> |   11.587|
SW2            |SSD_Segment<2> |   12.746|
SW2            |SSD_Segment<3> |   11.636|
SW2            |SSD_Segment<4> |   11.833|
SW2            |SSD_Segment<5> |   12.145|
SW2            |SSD_Segment<6> |   12.569|
SW3            |SSD_Segment<0> |   11.537|
SW3            |SSD_Segment<1> |   11.465|
SW3            |SSD_Segment<2> |   12.624|
SW3            |SSD_Segment<3> |   11.514|
SW3            |SSD_Segment<4> |   11.711|
SW3            |SSD_Segment<5> |   12.023|
SW3            |SSD_Segment<6> |   12.447|
SW4            |SSD_Segment<0> |   11.425|
SW4            |SSD_Segment<1> |   11.353|
SW4            |SSD_Segment<2> |   12.512|
SW4            |SSD_Segment<3> |   11.402|
SW4            |SSD_Segment<4> |   11.599|
SW4            |SSD_Segment<5> |   11.911|
SW4            |SSD_Segment<6> |   12.335|
---------------+---------------+---------+


Analysis completed Thu Aug 22 15:55:54 2024 
--------------------------------------------------------------------------------

Trace Settings:
-------------------------
Trace Settings 

Peak Memory Usage: 4585 MB



