--------------------------------------------------------------------------------
Release 14.7 Trace  (nt64)
Copyright (c) 1995-2013 Xilinx, Inc.  All rights reserved.

C:\Xilinx\14.7\ISE_DS\ISE\bin\nt64\unwrapped\trce.exe -intstyle ise -v 3 -s 3
-n 3 -fastpaths -xml main.twx main.ncd -o main.twr main.pcf -ucf main.ucf

Design file:              main.ncd
Physical constraint file: main.pcf
Device,package,speed:     xc6slx9,tqg144,C,-3 (PRODUCTION 1.23 2013-10-13)
Report level:             verbose report

Environment Variable      Effect 
--------------------      ------ 
NONE                      No environment variables were set
--------------------------------------------------------------------------------

INFO:Timing:2698 - No timing constraints found, doing default enumeration.
INFO:Timing:3412 - To improve timing, see the Timing Closure User Guide (UG612).
INFO:Timing:2752 - To get complete path coverage, use the unconstrained paths 
   option. All paths that are not constrained will be reported in the 
   unconstrained paths section(s) of the report.
INFO:Timing:3339 - The clock-to-out numbers in this timing report are based on 
   a 50 Ohm transmission line loading model.  For the details of this model, 
   and for more information on accounting for different loading conditions, 
   please see the device datasheet.



Data Sheet report:
-----------------
All values displayed in nanoseconds (ns)

Clock BTN3 to Pad
------------+-----------------+------------+-----------------+------------+------------------+--------+
            |Max (slowest) clk|  Process   |Min (fastest) clk|  Process   |                  | Clock  |
Destination |  (edge) to PAD  |   Corner   |  (edge) to PAD  |   Corner   |Internal Clock(s) | Phase  |
------------+-----------------+------------+-----------------+------------+------------------+--------+
LED0        |        11.065(R)|      SLOW  |         5.627(R)|      FAST  |erinstinfs        |   0.000|
LED1        |        11.303(R)|      SLOW  |         5.838(R)|      FAST  |erinstinfs        |   0.000|
LED2        |        11.490(R)|      SLOW  |         5.562(R)|      FAST  |erinstinfs        |   0.000|
LED3        |        11.244(R)|      SLOW  |         5.822(R)|      FAST  |erinstinfs        |   0.000|
MN0         |         9.759(R)|      SLOW  |         5.717(R)|      FAST  |erinstinfs        |   0.000|
MN1         |        10.056(R)|      SLOW  |         5.924(R)|      FAST  |erinstinfs        |   0.000|
MN2         |         9.940(R)|      SLOW  |         5.833(R)|      FAST  |erinstinfs        |   0.000|
MN3         |         9.743(R)|      SLOW  |         5.701(R)|      FAST  |erinstinfs        |   0.000|
SSD_a       |        13.762(R)|      SLOW  |         6.860(R)|      FAST  |erinstinfs        |   0.000|
SSD_b       |        12.653(R)|      SLOW  |         6.741(R)|      FAST  |erinstinfs        |   0.000|
SSD_c       |        13.009(R)|      SLOW  |         6.854(R)|      FAST  |erinstinfs        |   0.000|
SSD_d       |        13.718(R)|      SLOW  |         6.927(R)|      FAST  |erinstinfs        |   0.000|
SSD_e       |        12.053(R)|      SLOW  |         6.599(R)|      FAST  |erinstinfs        |   0.000|
SSD_f       |        12.632(R)|      SLOW  |         6.070(R)|      FAST  |erinstinfs        |   0.000|
SSD_g       |        13.766(R)|      SLOW  |         6.109(R)|      FAST  |erinstinfs        |   0.000|
------------+-----------------+------------+-----------------+------------+------------------+--------+

Clock to Setup on destination clock BTN3
---------------+---------+---------+---------+---------+
               | Src:Rise| Src:Fall| Src:Rise| Src:Fall|
Source Clock   |Dest:Rise|Dest:Rise|Dest:Fall|Dest:Fall|
---------------+---------+---------+---------+---------+
BTN3           |    2.359|         |         |         |
---------------+---------+---------+---------+---------+

Clock to Setup on destination clock OSC
---------------+---------+---------+---------+---------+
               | Src:Rise| Src:Fall| Src:Rise| Src:Fall|
Source Clock   |Dest:Rise|Dest:Rise|Dest:Fall|Dest:Fall|
---------------+---------+---------+---------+---------+
OSC            |    0.979|         |         |         |
---------------+---------+---------+---------+---------+


Analysis completed Tue Aug 06 14:32:45 2024 
--------------------------------------------------------------------------------

Trace Settings:
-------------------------
Trace Settings 

Peak Memory Usage: 4585 MB



