--------------------------------------------------------------------------------
Release 14.7 Trace  (nt64)
Copyright (c) 1995-2013 Xilinx, Inc.  All rights reserved.

C:\Xilinx\14.7\ISE_DS\ISE\bin\nt64\unwrapped\trce.exe -intstyle ise -v 3 -s 3
-n 3 -fastpaths -xml integration.twx integration.ncd -o integration.twr
integration.pcf -ucf integration.ucf

Design file:              integration.ncd
Physical constraint file: integration.pcf
Device,package,speed:     xc6slx9,tqg144,C,-3 (PRODUCTION 1.23 2013-10-13)
Report level:             verbose report

Environment Variable      Effect 
--------------------      ------ 
NONE                      No environment variables were set
--------------------------------------------------------------------------------

INFO:Timing:2698 - No timing constraints found, doing default enumeration.
INFO:Timing:3412 - To improve timing, see the Timing Closure User Guide (UG612).
INFO:Timing:2752 - To get complete path coverage, use the unconstrained paths 
   option. All paths that are not constrained will be reported in the 
   unconstrained paths section(s) of the report.
INFO:Timing:3339 - The clock-to-out numbers in this timing report are based on 
   a 50 Ohm transmission line loading model.  For the details of this model, 
   and for more information on accounting for different loading conditions, 
   please see the device datasheet.



Data Sheet report:
-----------------
All values displayed in nanoseconds (ns)

Pad to Pad
---------------+---------------+---------+
Source Pad     |Destination Pad|  Delay  |
---------------+---------------+---------+
SW0_P66        |SSD_COM_0_P44  |    6.835|
SW1_P62        |SSD_COM_1_P43  |    6.403|
SW2_P61        |SSD_COM_2_P33  |    6.543|
SW3_P59        |SSD_COM_3_P30  |    7.160|
SW4_P58        |SSD_A_P41      |    8.930|
SW4_P58        |SSD_B_P40      |    7.847|
SW4_P58        |SSD_C_P35      |    8.407|
SW4_P58        |SSD_D_P34      |    9.240|
SW4_P58        |SSD_E_P32      |    7.306|
SW4_P58        |SSD_F_P29      |    9.504|
SW4_P58        |SSD_G_P27      |   10.491|
SW5_P57        |SSD_A_P41      |    9.119|
SW5_P57        |SSD_B_P40      |    8.036|
SW5_P57        |SSD_C_P35      |    8.596|
SW5_P57        |SSD_D_P34      |    9.429|
SW5_P57        |SSD_E_P32      |    7.495|
SW5_P57        |SSD_F_P29      |    9.693|
SW5_P57        |SSD_G_P27      |   10.680|
SW6_P56        |SSD_A_P41      |    8.605|
SW6_P56        |SSD_B_P40      |    7.522|
SW6_P56        |SSD_C_P35      |    8.082|
SW6_P56        |SSD_D_P34      |    8.915|
SW6_P56        |SSD_E_P32      |    6.981|
SW6_P56        |SSD_F_P29      |    9.274|
SW6_P56        |SSD_G_P27      |   10.166|
SW7_P55        |SSD_A_P41      |    8.042|
SW7_P55        |SSD_D_P34      |    8.352|
SW7_P55        |SSD_F_P29      |    8.616|
SW7_P55        |SSD_G_P27      |    9.603|
---------------+---------------+---------+


Analysis completed Mon Aug 05 12:44:02 2024 
--------------------------------------------------------------------------------

Trace Settings:
-------------------------
Trace Settings 

Peak Memory Usage: 4585 MB



