Release 14.7 - xst P.20131013 (nt64)
Copyright (c) 1995-2013 Xilinx, Inc.  All rights reserved.
--> Parameter TMPDIR set to xst/projnav.tmp


Total REAL time to Xst completion: 0.00 secs
Total CPU time to Xst completion: 0.18 secs
 
--> Parameter xsthdpdir set to xst


Total REAL time to Xst completion: 0.00 secs
Total CPU time to Xst completion: 0.18 secs
 
--> Reading design: integration.prj

TABLE OF CONTENTS
  1) Synthesis Options Summary
  2) HDL Parsing
  3) HDL Elaboration
  4) HDL Synthesis
       4.1) HDL Synthesis Report
  5) Advanced HDL Synthesis
       5.1) Advanced HDL Synthesis Report
  6) Low Level Synthesis
  7) Partition Report
  8) Design Summary
       8.1) Primitive and Black Box Usage
       8.2) Device utilization summary
       8.3) Partition Resource Summary
       8.4) Timing Report
            8.4.1) Clock Information
            8.4.2) Asynchronous Control Signals Information
            8.4.3) Timing Summary
            8.4.4) Timing Details
            8.4.5) Cross Clock Domains Report


=========================================================================
*                      Synthesis Options Summary                        *
=========================================================================
---- Source Parameters
Input File Name                    : "integration.prj"
Ignore Synthesis Constraint File   : NO

---- Target Parameters
Output File Name                   : "integration"
Output Format                      : NGC
Target Device                      : xc6slx9-3-tqg144

---- Source Options
Top Module Name                    : integration
Automatic FSM Extraction           : YES
FSM Encoding Algorithm             : Auto
Safe Implementation                : No
FSM Style                          : LUT
RAM Extraction                     : Yes
RAM Style                          : Auto
ROM Extraction                     : Yes
Shift Register Extraction          : YES
ROM Style                          : Auto
Resource Sharing                   : YES
Asynchronous To Synchronous        : NO
Shift Register Minimum Size        : 2
Use DSP Block                      : Auto
Automatic Register Balancing       : No

---- Target Options
LUT Combining                      : Auto
Reduce Control Sets                : Auto
Add IO Buffers                     : YES
Global Maximum Fanout              : 100000
Add Generic Clock Buffer(BUFG)     : 16
Register Duplication               : YES
Optimize Instantiated Primitives   : NO
Use Clock Enable                   : Auto
Use Synchronous Set                : Auto
Use Synchronous Reset              : Auto
Pack IO Registers into IOBs        : Auto
Equivalent register Removal        : YES

---- General Options
Optimization Goal                  : Speed
Optimization Effort                : 1
Power Reduction                    : NO
Keep Hierarchy                     : No
Netlist Hierarchy                  : As_Optimized
RTL Output                         : Yes
Global Optimization                : AllClockNets
Read Cores                         : YES
Write Timing Constraints           : NO
Cross Clock Analysis               : NO
Hierarchy Separator                : /
Bus Delimiter                      : <>
Case Specifier                     : Maintain
Slice Utilization Ratio            : 100
BRAM Utilization Ratio             : 100
DSP48 Utilization Ratio            : 100
Auto BRAM Packing                  : NO
Slice Utilization Ratio Delta      : 5

=========================================================================


=========================================================================
*                          HDL Parsing                                  *
=========================================================================
Analyzing Verilog file "D:\Classes-2024\Digital System Fundamentals\Labs\5\seven-segment\ssd4.vf" into library work
Parsing module <ssd4>.
Analyzing Verilog file "D:\Classes-2024\Digital System Fundamentals\Labs\5\seven-segment\integration.vf" into library work
Parsing module <ssd4_MUSER_integration>.
Parsing module <integration>.

=========================================================================
*                            HDL Elaboration                            *
=========================================================================

Elaborating module <integration>.

Elaborating module <ssd4_MUSER_integration>.

Elaborating module <AND2>.

Elaborating module <INV>.

Elaborating module <OR2>.

Elaborating module <NOR2>.

Elaborating module <NAND2>.

Elaborating module <NAND3>.

Elaborating module <BUF>.

=========================================================================
*                           HDL Synthesis                               *
=========================================================================

Synthesizing Unit <integration>.
    Related source file is "D:\Classes-2024\Digital System Fundamentals\Labs\5\seven-segment\integration.vf".
    Summary:
	no macro.
Unit <integration> synthesized.

Synthesizing Unit <ssd4_MUSER_integration>.
    Related source file is "D:\Classes-2024\Digital System Fundamentals\Labs\5\seven-segment\integration.vf".
    Summary:
	no macro.
Unit <ssd4_MUSER_integration> synthesized.

=========================================================================
HDL Synthesis Report

Found no macro
=========================================================================

=========================================================================
*                       Advanced HDL Synthesis                          *
=========================================================================


=========================================================================
Advanced HDL Synthesis Report

Found no macro
=========================================================================

=========================================================================
*                         Low Level Synthesis                           *
=========================================================================

Optimizing unit <integration> ...

Optimizing unit <ssd4_MUSER_integration> ...

Mapping all equations...
Building and optimizing final netlist ...
Found area constraint ratio of 100 (+ 5) on block integration, actual ratio is 0.

Final Macro Processing ...

=========================================================================
Final Register Report

Found no macro
=========================================================================

=========================================================================
*                           Partition Report                            *
=========================================================================

Partition Implementation Status
-------------------------------

  No Partitions were found in this design.

-------------------------------

=========================================================================
*                            Design Summary                             *
=========================================================================

Top Level Output File Name         : integration.ngc

Primitive and Black Box Usage:
------------------------------
# BELS                             : 28
#      AND2                        : 3
#      BUF                         : 15
#      INV                         : 3
#      OR2                         : 7
# IO Buffers                       : 19
#      IBUF                        : 8
#      OBUF                        : 11
# Logical                          : 8
#      NAND2                       : 2
#      NAND3                       : 2
#      NOR2                        : 4

Device utilization summary:
---------------------------

Selected Device : 6slx9tqg144-3 


Slice Logic Utilization: 
 Number of Slice LUTs:                    3  out of   5720     0%  
    Number used as Logic:                 3  out of   5720     0%  

Slice Logic Distribution: 
 Number of LUT Flip Flop pairs used:      3
   Number with an unused Flip Flop:       3  out of      3   100%  
   Number with an unused LUT:             0  out of      3     0%  
   Number of fully used LUT-FF pairs:     0  out of      3     0%  
   Number of unique control sets:         0

IO Utilization: 
 Number of IOs:                          19
 Number of bonded IOBs:                  19  out of    102    18%  

Specific Feature Utilization:

---------------------------
Partition Resource Summary:
---------------------------

  No Partitions were found in this design.

---------------------------


=========================================================================
Timing Report

NOTE: THESE TIMING NUMBERS ARE ONLY A SYNTHESIS ESTIMATE.
      FOR ACCURATE TIMING INFORMATION PLEASE REFER TO THE TRACE REPORT
      GENERATED AFTER PLACE-and-ROUTE.

Clock Information:
------------------
No clock signals found in this design

Asynchronous Control Signals Information:
----------------------------------------
No asynchronous control signals found in this design

Timing Summary:
---------------
Speed Grade: -3

   Minimum period: No path found
   Minimum input arrival time before clock: No path found
   Maximum output required time after clock: No path found
   Maximum combinational path delay: 17.411ns

Timing Details:
---------------
All values displayed in nanoseconds (ns)

=========================================================================
Timing constraint: Default path analysis
  Total number of paths / destination ports: 78 / 11
-------------------------------------------------------------------------
Delay:               17.411ns (Levels of Logic = 13)
  Source:            SW5_P57 (PAD)
  Destination:       SSD_D_P34 (PAD)

  Data Path: SW5_P57 to SSD_D_P34
                                Gate     Net
    Cell:in->out      fanout   Delay   Delay  Logical Name (Net Name)
    ----------------------------------------  ------------
     IBUF:I->O             1   1.222   0.579  SW5_P57_IBUF (SW5_P57_IBUF)
     BUF:I->O              5   0.568   0.714  XLXI_3 (DATA1)
     INV:I->O              2   0.568   0.981  XLXI_1/XLXI_93 (XLXI_1/XLXN_109)
     AND2:I0->O            1   0.203   0.924  XLXI_1/XLXI_97 (XLXI_1/XLXN_114)
     OR2:I1->O             3   0.223   1.015  XLXI_1/XLXI_100 (XLXI_1/XLXN_117)
     NAND2:I0->O           1   0.203   0.924  XLXI_1/XLXI_102 (XLXI_1/XLXN_119)
     NAND3:I1->O           3   0.223   0.995  XLXI_1/XLXI_103 (SSD1)
     NOR2:I1->O            1   0.223   0.944  XLXI_1/XLXI_105 (XLXI_1/XLXN_125)
     OR2:I0->O             3   0.203   0.995  XLXI_1/XLXI_106 (XLXI_1/XLXN_130)
     OR2:I1->O             2   0.223   0.961  XLXI_1/XLXI_107 (XLXI_1/XLXN_134)
     OR2:I1->O             1   0.223   0.579  XLXI_1/XLXI_109 (SSD7)
     BUF:I->O              1   0.568   0.579  XLXI_16 (SSD_G_P27_OBUF)
     OBUF:I->O                 2.571          SSD_G_P27_OBUF (SSD_G_P27)
    ----------------------------------------
    Total                     17.411ns (7.221ns logic, 10.190ns route)
                                       (41.5% logic, 58.5% route)

=========================================================================

Cross Clock Domains Report:
--------------------------

=========================================================================


Total REAL time to Xst completion: 2.00 secs
Total CPU time to Xst completion: 2.58 secs
 
--> 

Total memory usage is 4501604 kilobytes

Number of errors   :    0 (   0 filtered)
Number of warnings :    0 (   0 filtered)
Number of infos    :    0 (   0 filtered)

